node.exe : Node.js 
version v25.6.1 
detected.
At line:1 char:1
+ & "C:\Program Files
\nodejs/node.exe" "C:
\Users\Rishad\AppData
\Roaming ...
+ ~~~~~~~~~~~~~~~~~~~
~~~~~~~~~~~~~~~~~~~~~
~~~~~~~~~~~~~~~~~~~~~
~~~~~~~~
    + CategoryInfo   
           : NotSpe  
  cified: (Node.js   
  version v25.6.1    
 detected.:Strin    
g) [], RemoteExc    
eption
    + FullyQualified 
   ErrorId : Native  
  CommandError
 
Odd numbered Node.js 
versions will not 
enter LTS status and 
should not be used 
for production. For 
more information, 
please see https://no
dejs.org/en/about/pre
vious-releases/.
[1mInitial chunk files[22m[2m | [22m[1mNames[22m                  [2m | [22m [1mRaw size[22m[2m | [22m[1mEstimated transfer size[22m
[32mchunk-QUQZCJMK.js[39m  [2m | [22m[2m-[22m                      [2m | [22m[36m149.54 kB[39m[2m | [22m               [36m43.27 kB[39m
[32mchunk-JOONCHVE.js[39m  [2m | [22m[2m-[22m                      [2m | [22m [36m92.79 kB[39m[2m | [22m               [36m23.32 kB[39m
[32mmain-4N3OLCZ7.js[39m   [2m | [22m[2mmain[22m                   [2m | [22m [36m37.31 kB[39m[2m | [22m                [36m7.33 kB[39m
[32mstyles-XZMKFC5U.css[39m[2m | [22m[2mstyles[22m                 [2m | [22m  [36m4.03 kB[39m[2m | [22m                [36m1.07 kB[39m

[1m [22m                  [2m | [22m[1mInitial total[22m          [2m | [22m[1m283.68 kB[22m[2m | [22m               [1m74.99 kB[22m

[1mLazy chunk files[22m   [2m | [22m[1mNames[22m                  [2m | [22m [1mRaw size[22m[2m | [22m[1mEstimated transfer size[22m
[32mchunk-ZFIBVT3U.js[39m  [2m | [22m[2mprofile-component[22m      [2m | [22m [36m33.85 kB[39m[2m | [22m                [36m7.73 kB[39m
[32mchunk-L4WCESOM.js[39m  [2m | [22m[2mcourse-detail-component[22m[2m | [22m [36m20.96 kB[39m[2m | [22m                [36m4.53 kB[39m
[32mchunk-VNOX5P7N.js[39m  [2m | [22m[2msignup-component[22m       [2m | [22m  [36m6.79 kB[39m[2m | [22m                [36m1.81 kB[39m
[32mchunk-VVRBHLWD.js[39m  [2m | [22m[2mlogin-component[22m        [2m | [22m  [36m6.05 kB[39m[2m | [22m                [36m1.70 kB[39m
[32mchunk-RUJHTCKG.js[39m  [2m | [22m[2mmy-courses-component[22m   [2m | [22m  [36m4.05 kB[39m[2m | [22m                [36m1.31 kB[39m
[32mchunk-ZX3YRKFY.js[39m  [2m | [22m[2mauth-layout-component[22m  [2m | [22m  [36m3.47 kB[39m[2m | [22m                [36m1.11 kB[39m
[32mchunk-BAUPQ26G.js[39m  [2m | [22m[2mdashboard-component[22m    [2m | [22m  [36m3.18 kB[39m[2m | [22m                [36m1.16 kB[39m

Application bundle generation failed. [3.387 seconds] - 2026-02-23T17:40:49.120Z

[1m[33m[33mΓû▓ [4
3;33m[[43;30mWARNING
[43;33m][0m [1msrc
/app/pages/home/home.
component.scss 
exceeded maximum 
budget. Budget 4.00 
kB was not met by 
4.94 kB with a total 
of 8.94 kB.[0m


[33mΓû▓ [43;33m[[4
3;30mWARNING[43;33m]
[0m [1msrc/app/page
s/course-detail/cours
e-detail.component.sc
ss exceeded maximum 
budget. Budget 4.00 
kB was not met by 
7.47 kB with a total 
of 11.47 kB.[0m

[39m[22m
[1m[31m[31mX [41;
31m[[41;97mERROR[41
;31m][0m [1msrc/app
/pages/home/home.comp
onent.scss exceeded 
maximum budget. 
Budget 8.00 kB was 
not met by 944 bytes 
with a total of 8.94 
kB.[0m


[31mX [41;31m[[41;
97mERROR[41;31m][0m
 [1msrc/app/pages/co
urse-detail/course-de
tail.component.scss 
exceeded maximum 
budget. Budget 8.00 
kB was not met by 
3.48 kB with a total 
of 11.47 kB.[0m

[39m[22m
