node.exe : Node.js 
version v25.6.1 
detected.
At C:\Users\Rishad\Ap
pData\Roaming\npm\ng.
ps1:24 char:5
+     & "node$exe"  "
$basedir/node_modules
/@angular/cli/bin/ng.
js" $arg ...
+     ~~~~~~~~~~~~~~~
~~~~~~~~~~~~~~~~~~~~~
~~~~~~~~~~~~~~~~~~~~~
~~~~~~~~
    + CategoryInfo   
           : NotSpe  
  cified: (Node.js   
  version v25.6.1    
 detected.:Strin    
g) [], RemoteExc    
eption
    + FullyQualified 
   ErrorId : Native  
  CommandError
 
Odd numbered Node.js 
versions will not 
enter LTS status and 
should not be used 
for production. For 
more information, 
please see https://no
dejs.org/en/about/pre
vious-releases/.
[33mΓ¥»[39m Building...
[32mΓ£ö[39m Building...
Application bundle generation failed. [1.638 seconds] - 2026-02-21T18:50:40.978Z

[1m[31m[31mX [41;
31m[[41;97mERROR[41
;31m][0m 
[1mExpected 
identifier.
    Γò╖
160 Γöé     padding: 
var(--space-3.5) 
var(--space-4); 
    Γöé              
              ^
    Γò╡
  src\app\pages\auth\
signup\signup.compone
nt.scss 160:28  root 
stylesheet[0m 
[1m[35m[plugin 
angular-sass][0m


[31mX [41;31m[[41;
97mERROR[41;31m][0m
 [1mExpected 
identifier.
    Γò╖
142 Γöé     padding: 
var(--space-3.5) 
var(--space-4); // 
Custom padding for 
visual balance
    Γöé              
              ^
    Γò╡
  src\app\pages\auth\
login\login.component
.scss 142:28  root 
stylesheet[0m 
[1m[35m[plugin 
angular-sass][0m

[39m[22m
